// Jest Snapshot v1, https://goo.gl/fbAQLP

exports[`index imports 1`] = `
[
  "AbstractActions",
  "ActionExecutionResultCode",
  "AtemActions",
  "AtemMediaPoolType",
  "AtemTransitionStyle",
  "BlendMode",
  "CasparCGActions",
  "ChannelFormat",
  "Chroma",
  "DeviceType",
  "Direction",
  "Ease",
  "EmberParameterType",
  "HttpMethod",
  "HttpSendActions",
  "HyperdeckActions",
  "LawoDeviceMode",
  "MappingAtemType",
  "MappingCasparCGType",
  "MappingHyperdeckType",
  "MappingLawoType",
  "MappingMultiOscType",
  "MappingObsType",
  "MappingPanasonicPTZType",
  "MappingQuantelType",
  "MappingSingularLiveType",
  "MappingSisyfosType",
  "MappingSofieChefType",
  "MappingTricasterType",
  "MappingVmixType",
  "MediaSourceType",
  "MultiOSCDeviceType",
  "OBSRequest",
  "OSCDeviceType",
  "OSCValueType",
  "PanasonicPTZActions",
  "QuantelActions",
  "QuantelControlMode",
  "QuantelTransitionType",
  "ShotokuTransitionType",
  "SisyfosActions",
  "SlotId",
  "SlotStatus",
  "SofieChefActions",
  "StatusCode",
  "TcpSendActions",
  "Timeline",
  "TimelineContentTypeAtem",
  "TimelineContentTypeCasparCg",
  "TimelineContentTypeHTTP",
  "TimelineContentTypeHTTPParamType",
  "TimelineContentTypeHyperdeck",
  "TimelineContentTypeLawo",
  "TimelineContentTypeMultiOSC",
  "TimelineContentTypeOBS",
  "TimelineContentTypeOSC",
  "TimelineContentTypePanasonicPtz",
  "TimelineContentTypePharos",
  "TimelineContentTypeShotoku",
  "TimelineContentTypeSingularLive",
  "TimelineContentTypeSisyfos",
  "TimelineContentTypeSofieChef",
  "TimelineContentTypeTcp",
  "TimelineContentTypeTriCaster",
  "TimelineContentTypeVMix",
  "TimelineContentTypeVizMSE",
  "Transition",
  "TranslationsBundleType",
  "TransportStatus",
  "VIZMSETransitionType",
  "VMixCommand",
  "VMixInputType",
  "VMixTransitionType",
  "VideoFormat",
  "ViscaOverIPActions",
  "VizMSEActions",
  "VmixActions",
]
`;
